2026/04/08 16:44:42 [notice] 1#1: using the "epoll" event method
2026/04/08 16:44:42 [notice] 1#1: nginx/1.29.8
2026/04/08 16:44:42 [notice] 1#1: built by gcc 15.2.0 (Alpine 15.2.0) 
2026/04/08 16:44:42 [notice] 1#1: OS: Linux 6.6.87.2-microsoft-standard-WSL2
2026/04/08 16:44:42 [notice] 1#1: getrlimit(RLIMIT_NOFILE): 65536:1048576
2026/04/08 16:44:42 [notice] 1#1: start worker processes
2026/04/08 16:44:42 [notice] 1#1: start worker process 21
2026/04/08 16:44:42 [notice] 1#1: start worker process 22
2026/04/08 16:44:42 [notice] 1#1: start worker process 23
2026/04/08 16:44:42 [notice] 1#1: start worker process 24
2026/04/08 16:44:42 [notice] 1#1: start worker process 25
2026/04/08 16:44:42 [notice] 1#1: start worker process 26
2026/04/08 16:44:42 [notice] 1#1: start worker process 27
2026/04/08 16:44:42 [notice] 1#1: start worker process 28
2026/04/08 16:44:42 [notice] 1#1: start worker process 29
2026/04/08 16:44:42 [notice] 1#1: start worker process 30
2026/04/08 16:44:42 [notice] 1#1: start worker process 31
2026/04/08 16:44:42 [notice] 1#1: start worker process 32
2026/04/08 17:10:15 [notice] 1#1: signal 3 (SIGQUIT) received, shutting down
2026/04/08 17:10:15 [notice] 21#21: gracefully shutting down
2026/04/08 17:10:15 [notice] 24#24: gracefully shutting down
2026/04/08 17:10:15 [notice] 22#22: gracefully shutting down
2026/04/08 17:10:15 [notice] 26#26: gracefully shutting down
2026/04/08 17:10:15 [notice] 25#25: gracefully shutting down
2026/04/08 17:10:15 [notice] 24#24: exiting
2026/04/08 17:10:15 [notice] 23#23: gracefully shutting down
2026/04/08 17:10:15 [notice] 27#27: gracefully shutting down
2026/04/08 17:10:15 [notice] 21#21: exiting
2026/04/08 17:10:15 [notice] 29#29: gracefully shutting down
2026/04/08 17:10:15 [notice] 30#30: gracefully shutting down
2026/04/08 17:10:15 [notice] 26#26: exiting
2026/04/08 17:10:15 [notice] 28#28: gracefully shutting down
2026/04/08 17:10:15 [notice] 22#22: exiting
2026/04/08 17:10:15 [notice] 31#31: gracefully shutting down
2026/04/08 17:10:15 [notice] 24#24: exit
2026/04/08 17:10:15 [notice] 21#21: exit
2026/04/08 17:10:15 [notice] 22#22: exit
2026/04/08 17:10:15 [notice] 23#23: exiting
2026/04/08 17:10:15 [notice] 26#26: exit
2026/04/08 17:10:15 [notice] 23#23: exit
2026/04/08 17:10:15 [notice] 32#32: gracefully shutting down
2026/04/08 17:10:15 [notice] 25#25: exiting
2026/04/08 17:10:15 [notice] 27#27: exiting
2026/04/08 17:10:15 [notice] 25#25: exit
2026/04/08 17:10:15 [notice] 29#29: exiting
2026/04/08 17:10:15 [notice] 27#27: exit
2026/04/08 17:10:15 [notice] 30#30: exiting
2026/04/08 17:10:15 [notice] 31#31: exiting
2026/04/08 17:10:15 [notice] 30#30: exit
2026/04/08 17:10:15 [notice] 28#28: exiting
2026/04/08 17:10:15 [notice] 31#31: exit
2026/04/08 17:10:15 [notice] 28#28: exit
2026/04/08 17:10:15 [notice] 32#32: exiting
2026/04/08 17:10:15 [notice] 29#29: exit
2026/04/08 17:10:15 [notice] 32#32: exit
2026/04/08 17:10:15 [notice] 1#1: signal 17 (SIGCHLD) received from 21
2026/04/08 17:10:15 [notice] 1#1: worker process 21 exited with code 0
2026/04/08 17:10:15 [notice] 1#1: worker process 24 exited with code 0
2026/04/08 17:10:15 [notice] 1#1: signal 29 (SIGIO) received
2026/04/08 17:10:15 [notice] 1#1: signal 17 (SIGCHLD) received from 24
2026/04/08 17:10:15 [notice] 1#1: signal 17 (SIGCHLD) received from 22
2026/04/08 17:10:15 [notice] 1#1: worker process 22 exited with code 0
2026/04/08 17:10:15 [notice] 1#1: worker process 26 exited with code 0
2026/04/08 17:10:15 [notice] 1#1: worker process 27 exited with code 0
2026/04/08 17:10:15 [notice] 1#1: worker process 28 exited with code 0
2026/04/08 17:10:15 [notice] 1#1: signal 29 (SIGIO) received
2026/04/08 17:10:15 [notice] 1#1: signal 17 (SIGCHLD) received from 28
2026/04/08 17:10:15 [notice] 1#1: worker process 23 exited with code 0
2026/04/08 17:10:15 [notice] 1#1: worker process 29 exited with code 0
2026/04/08 17:10:15 [notice] 1#1: worker process 30 exited with code 0
2026/04/08 17:10:15 [notice] 1#1: worker process 31 exited with code 0
2026/04/08 17:10:15 [notice] 1#1: worker process 32 exited with code 0
2026/04/08 17:10:15 [notice] 1#1: worker process 25 exited with code 0
2026/04/08 17:10:15 [notice] 1#1: exit
2026/04/08 17:12:03 [notice] 1#1: using the "epoll" event method
2026/04/08 17:12:03 [notice] 1#1: nginx/1.29.8
2026/04/08 17:12:03 [notice] 1#1: built by gcc 15.2.0 (Alpine 15.2.0) 
2026/04/08 17:12:03 [notice] 1#1: OS: Linux 6.6.87.2-microsoft-standard-WSL2
2026/04/08 17:12:03 [notice] 1#1: getrlimit(RLIMIT_NOFILE): 65536:1048576
2026/04/08 17:12:03 [notice] 1#1: start worker processes
2026/04/08 17:12:03 [notice] 1#1: start worker process 21
2026/04/08 17:12:03 [notice] 1#1: start worker process 22
2026/04/08 17:12:03 [notice] 1#1: start worker process 23
2026/04/08 17:12:03 [notice] 1#1: start worker process 24
2026/04/08 17:12:03 [notice] 1#1: start worker process 25
2026/04/08 17:12:03 [notice] 1#1: start worker process 26
2026/04/08 17:12:03 [notice] 1#1: start worker process 27
2026/04/08 17:12:03 [notice] 1#1: start worker process 28
2026/04/08 17:12:03 [notice] 1#1: start worker process 29
2026/04/08 17:12:03 [notice] 1#1: start worker process 30
2026/04/08 17:12:03 [notice] 1#1: start worker process 31
2026/04/08 17:12:03 [notice] 1#1: start worker process 32
2026/04/09 10:56:19 [notice] 1#1: signal 3 (SIGQUIT) received, shutting down
2026/04/09 10:56:19 [notice] 28#28: gracefully shutting down
2026/04/09 10:56:19 [notice] 30#30: gracefully shutting down
2026/04/09 10:56:19 [notice] 21#21: gracefully shutting down
2026/04/09 10:56:19 [notice] 22#22: gracefully shutting down
2026/04/09 10:56:19 [notice] 26#26: gracefully shutting down
2026/04/09 10:56:19 [notice] 27#27: gracefully shutting down
2026/04/09 10:56:19 [notice] 29#29: gracefully shutting down
2026/04/09 10:56:19 [notice] 24#24: gracefully shutting down
2026/04/09 10:56:19 [notice] 25#25: gracefully shutting down
2026/04/09 10:56:19 [notice] 31#31: gracefully shutting down
2026/04/09 10:56:19 [notice] 23#23: gracefully shutting down
2026/04/09 10:56:19 [notice] 26#26: exiting
2026/04/09 10:56:19 [notice] 27#27: exiting
2026/04/09 10:56:19 [notice] 28#28: exiting
2026/04/09 10:56:19 [notice] 30#30: exiting
2026/04/09 10:56:19 [notice] 31#31: exiting
2026/04/09 10:56:19 [notice] 21#21: exiting
2026/04/09 10:56:19 [notice] 29#29: exiting
2026/04/09 10:56:19 [notice] 22#22: exiting
2026/04/09 10:56:19 [notice] 23#23: exiting
2026/04/09 10:56:19 [notice] 32#32: gracefully shutting down
2026/04/09 10:56:19 [notice] 24#24: exiting
2026/04/09 10:56:19 [notice] 32#32: exiting
2026/04/09 10:56:19 [notice] 25#25: exiting
2026/04/09 10:56:19 [notice] 21#21: exit
2026/04/09 10:56:19 [notice] 27#27: exit
2026/04/09 10:56:19 [notice] 30#30: exit
2026/04/09 10:56:19 [notice] 28#28: exit
2026/04/09 10:56:19 [notice] 23#23: exit
2026/04/09 10:56:19 [notice] 31#31: exit
2026/04/09 10:56:19 [notice] 26#26: exit
2026/04/09 10:56:19 [notice] 29#29: exit
2026/04/09 10:56:19 [notice] 24#24: exit
2026/04/09 10:56:19 [notice] 22#22: exit
2026/04/09 10:56:19 [notice] 25#25: exit
2026/04/09 10:56:19 [notice] 32#32: exit
2026/04/09 10:56:19 [notice] 1#1: signal 17 (SIGCHLD) received from 26
2026/04/09 10:56:19 [notice] 1#1: worker process 26 exited with code 0
2026/04/09 10:56:19 [notice] 1#1: worker process 32 exited with code 0
2026/04/09 10:56:19 [notice] 1#1: signal 29 (SIGIO) received
2026/04/09 10:56:19 [notice] 1#1: signal 17 (SIGCHLD) received from 32
2026/04/09 10:56:19 [notice] 1#1: signal 17 (SIGCHLD) received from 25
2026/04/09 10:56:19 [notice] 1#1: worker process 25 exited with code 0
2026/04/09 10:56:19 [notice] 1#1: signal 29 (SIGIO) received
2026/04/09 10:56:19 [notice] 1#1: signal 17 (SIGCHLD) received from 28
2026/04/09 10:56:19 [notice] 1#1: worker process 24 exited with code 0
2026/04/09 10:56:19 [notice] 1#1: worker process 28 exited with code 0
2026/04/09 10:56:19 [notice] 1#1: worker process 29 exited with code 0
2026/04/09 10:56:19 [notice] 1#1: signal 29 (SIGIO) received
2026/04/09 10:56:19 [notice] 1#1: signal 17 (SIGCHLD) received from 22
2026/04/09 10:56:19 [notice] 1#1: worker process 22 exited with code 0
2026/04/09 10:56:19 [notice] 1#1: worker process 23 exited with code 0
2026/04/09 10:56:19 [notice] 1#1: worker process 27 exited with code 0
2026/04/09 10:56:19 [notice] 1#1: worker process 30 exited with code 0
2026/04/09 10:56:19 [notice] 1#1: worker process 31 exited with code 0
2026/04/09 10:56:19 [notice] 1#1: signal 29 (SIGIO) received
2026/04/09 10:56:19 [notice] 1#1: signal 17 (SIGCHLD) received from 27
2026/04/09 10:56:19 [notice] 1#1: signal 17 (SIGCHLD) received from 21
2026/04/09 10:56:19 [notice] 1#1: worker process 21 exited with code 0
2026/04/09 10:56:19 [notice] 1#1: exit
2026/04/09 10:56:46 [notice] 1#1: using the "epoll" event method
2026/04/09 10:56:46 [notice] 1#1: nginx/1.29.8
2026/04/09 10:56:46 [notice] 1#1: built by gcc 15.2.0 (Alpine 15.2.0) 
2026/04/09 10:56:46 [notice] 1#1: OS: Linux 6.6.87.2-microsoft-standard-WSL2
2026/04/09 10:56:46 [notice] 1#1: getrlimit(RLIMIT_NOFILE): 65536:1048576
2026/04/09 10:56:46 [notice] 1#1: start worker processes
2026/04/09 10:56:46 [notice] 1#1: start worker process 21
2026/04/09 10:56:46 [notice] 1#1: start worker process 22
2026/04/09 10:56:46 [notice] 1#1: start worker process 23
2026/04/09 10:56:46 [notice] 1#1: start worker process 24
2026/04/09 10:56:46 [notice] 1#1: start worker process 25
2026/04/09 10:56:46 [notice] 1#1: start worker process 26
2026/04/09 10:56:46 [notice] 1#1: start worker process 27
2026/04/09 10:56:46 [notice] 1#1: start worker process 28
2026/04/09 10:56:46 [notice] 1#1: start worker process 29
2026/04/09 10:56:46 [notice] 1#1: start worker process 30
2026/04/09 10:56:46 [notice] 1#1: start worker process 31
2026/04/09 10:56:46 [notice] 1#1: start worker process 32
2026/04/09 12:32:31 [notice] 1#1: signal 3 (SIGQUIT) received, shutting down
2026/04/09 12:32:31 [notice] 26#26: gracefully shutting down
2026/04/09 12:32:31 [notice] 28#28: gracefully shutting down
2026/04/09 12:32:31 [notice] 21#21: gracefully shutting down
2026/04/09 12:32:31 [notice] 25#25: gracefully shutting down
2026/04/09 12:32:31 [notice] 24#24: gracefully shutting down
2026/04/09 12:32:31 [notice] 22#22: gracefully shutting down
2026/04/09 12:32:31 [notice] 27#27: gracefully shutting down
2026/04/09 12:32:31 [notice] 23#23: gracefully shutting down
2026/04/09 12:32:31 [notice] 24#24: exiting
2026/04/09 12:32:31 [notice] 22#22: exiting
2026/04/09 12:32:31 [notice] 30#30: gracefully shutting down
2026/04/09 12:32:31 [notice] 21#21: exiting
2026/04/09 12:32:31 [notice] 27#27: exiting
2026/04/09 12:32:31 [notice] 25#25: exiting
2026/04/09 12:32:31 [notice] 28#28: exiting
2026/04/09 12:32:31 [notice] 30#30: exiting
2026/04/09 12:32:31 [notice] 29#29: gracefully shutting down
2026/04/09 12:32:31 [notice] 31#31: gracefully shutting down
2026/04/09 12:32:31 [notice] 26#26: exiting
2026/04/09 12:32:31 [notice] 32#32: gracefully shutting down
2026/04/09 12:32:31 [notice] 29#29: exiting
2026/04/09 12:32:31 [notice] 23#23: exiting
2026/04/09 12:32:31 [notice] 31#31: exiting
2026/04/09 12:32:31 [notice] 28#28: exit
2026/04/09 12:32:31 [notice] 23#23: exit
2026/04/09 12:32:31 [notice] 26#26: exit
2026/04/09 12:32:31 [notice] 27#27: exit
2026/04/09 12:32:31 [notice] 31#31: exit
2026/04/09 12:32:31 [notice] 25#25: exit
2026/04/09 12:32:31 [notice] 30#30: exit
2026/04/09 12:32:31 [notice] 24#24: exit
2026/04/09 12:32:31 [notice] 21#21: exit
2026/04/09 12:32:31 [notice] 22#22: exit
2026/04/09 12:32:31 [notice] 29#29: exit
2026/04/09 12:32:31 [notice] 32#32: exiting
2026/04/09 12:32:31 [notice] 32#32: exit
2026/04/09 12:32:31 [notice] 1#1: signal 17 (SIGCHLD) received from 31
2026/04/09 12:32:31 [notice] 1#1: worker process 21 exited with code 0
2026/04/09 12:32:31 [notice] 1#1: worker process 23 exited with code 0
2026/04/09 12:32:31 [notice] 1#1: worker process 25 exited with code 0
2026/04/09 12:32:31 [notice] 1#1: worker process 27 exited with code 0
2026/04/09 12:32:31 [notice] 1#1: worker process 31 exited with code 0
2026/04/09 12:32:31 [notice] 1#1: signal 29 (SIGIO) received
2026/04/09 12:32:31 [notice] 1#1: signal 17 (SIGCHLD) received from 27
2026/04/09 12:32:31 [notice] 1#1: signal 17 (SIGCHLD) received from 28
2026/04/09 12:32:31 [notice] 1#1: worker process 28 exited with code 0
2026/04/09 12:32:31 [notice] 1#1: worker process 30 exited with code 0
2026/04/09 12:32:31 [notice] 1#1: signal 29 (SIGIO) received
2026/04/09 12:32:31 [notice] 1#1: signal 17 (SIGCHLD) received from 30
2026/04/09 12:32:31 [notice] 1#1: signal 17 (SIGCHLD) received from 22
2026/04/09 12:32:31 [notice] 1#1: worker process 22 exited with code 0
2026/04/09 12:32:31 [notice] 1#1: worker process 26 exited with code 0
2026/04/09 12:32:31 [notice] 1#1: signal 29 (SIGIO) received
2026/04/09 12:32:31 [notice] 1#1: signal 17 (SIGCHLD) received from 26
2026/04/09 12:32:31 [notice] 1#1: worker process 29 exited with code 0
2026/04/09 12:32:31 [notice] 1#1: worker process 32 exited with code 0
2026/04/09 12:32:31 [notice] 1#1: signal 29 (SIGIO) received
2026/04/09 12:32:31 [notice] 1#1: signal 17 (SIGCHLD) received from 32
2026/04/09 12:32:31 [notice] 1#1: signal 17 (SIGCHLD) received from 24
2026/04/09 12:32:31 [notice] 1#1: worker process 24 exited with code 0
2026/04/09 12:32:31 [notice] 1#1: exit
2026/04/09 12:32:51 [notice] 1#1: using the "epoll" event method
2026/04/09 12:32:51 [notice] 1#1: nginx/1.29.8
2026/04/09 12:32:51 [notice] 1#1: built by gcc 15.2.0 (Alpine 15.2.0) 
2026/04/09 12:32:51 [notice] 1#1: OS: Linux 6.6.87.2-microsoft-standard-WSL2
2026/04/09 12:32:51 [notice] 1#1: getrlimit(RLIMIT_NOFILE): 65536:1048576
2026/04/09 12:32:51 [notice] 1#1: start worker processes
2026/04/09 12:32:51 [notice] 1#1: start worker process 21
2026/04/09 12:32:51 [notice] 1#1: start worker process 22
2026/04/09 12:32:51 [notice] 1#1: start worker process 23
2026/04/09 12:32:51 [notice] 1#1: start worker process 24
2026/04/09 12:32:51 [notice] 1#1: start worker process 25
2026/04/09 12:32:51 [notice] 1#1: start worker process 26
2026/04/09 12:32:51 [notice] 1#1: start worker process 27
2026/04/09 12:32:51 [notice] 1#1: start worker process 28
2026/04/09 12:32:51 [notice] 1#1: start worker process 29
2026/04/09 12:32:51 [notice] 1#1: start worker process 30
2026/04/09 12:32:51 [notice] 1#1: start worker process 31
2026/04/09 12:32:51 [notice] 1#1: start worker process 32
2026/04/09 12:35:20 [notice] 1#1: signal 3 (SIGQUIT) received, shutting down
2026/04/09 12:35:20 [notice] 26#26: gracefully shutting down
2026/04/09 12:35:20 [notice] 22#22: gracefully shutting down
2026/04/09 12:35:20 [notice] 24#24: gracefully shutting down
2026/04/09 12:35:20 [notice] 21#21: gracefully shutting down
2026/04/09 12:35:20 [notice] 27#27: gracefully shutting down
2026/04/09 12:35:20 [notice] 28#28: gracefully shutting down
2026/04/09 12:35:20 [notice] 23#23: gracefully shutting down
2026/04/09 12:35:20 [notice] 29#29: gracefully shutting down
2026/04/09 12:35:20 [notice] 25#25: gracefully shutting down
2026/04/09 12:35:20 [notice] 30#30: gracefully shutting down
2026/04/09 12:35:20 [notice] 22#22: exiting
2026/04/09 12:35:20 [notice] 21#21: exiting
2026/04/09 12:35:20 [notice] 29#29: exiting
2026/04/09 12:35:20 [notice] 27#27: exiting
2026/04/09 12:35:20 [notice] 28#28: exiting
2026/04/09 12:35:20 [notice] 26#26: exiting
2026/04/09 12:35:20 [notice] 24#24: exiting
2026/04/09 12:35:20 [notice] 23#23: exiting
2026/04/09 12:35:20 [notice] 30#30: exiting
2026/04/09 12:35:20 [notice] 25#25: exiting
2026/04/09 12:35:20 [notice] 32#32: gracefully shutting down
2026/04/09 12:35:20 [notice] 32#32: exiting
2026/04/09 12:35:20 [notice] 30#30: exit
2026/04/09 12:35:20 [notice] 27#27: exit
2026/04/09 12:35:20 [notice] 28#28: exit
2026/04/09 12:35:20 [notice] 21#21: exit
2026/04/09 12:35:20 [notice] 29#29: exit
2026/04/09 12:35:20 [notice] 23#23: exit
2026/04/09 12:35:20 [notice] 22#22: exit
2026/04/09 12:35:20 [notice] 26#26: exit
2026/04/09 12:35:20 [notice] 24#24: exit
2026/04/09 12:35:20 [notice] 25#25: exit
2026/04/09 12:35:20 [notice] 32#32: exit
2026/04/09 12:35:20 [notice] 31#31: gracefully shutting down
2026/04/09 12:35:20 [notice] 31#31: exiting
2026/04/09 12:35:20 [notice] 31#31: exit
2026/04/09 12:35:20 [notice] 1#1: signal 17 (SIGCHLD) received from 25
2026/04/09 12:35:20 [notice] 1#1: worker process 21 exited with code 0
2026/04/09 12:35:20 [notice] 1#1: worker process 25 exited with code 0
2026/04/09 12:35:20 [notice] 1#1: worker process 27 exited with code 0
2026/04/09 12:35:20 [notice] 1#1: signal 29 (SIGIO) received
2026/04/09 12:35:20 [notice] 1#1: signal 17 (SIGCHLD) received from 32
2026/04/09 12:35:20 [notice] 1#1: worker process 32 exited with code 0
2026/04/09 12:35:20 [notice] 1#1: signal 29 (SIGIO) received
2026/04/09 12:35:20 [notice] 1#1: signal 17 (SIGCHLD) received from 24
2026/04/09 12:35:20 [notice] 1#1: worker process 24 exited with code 0
2026/04/09 12:35:20 [notice] 1#1: signal 29 (SIGIO) received
2026/04/09 12:35:20 [notice] 1#1: signal 17 (SIGCHLD) received from 22
2026/04/09 12:35:20 [notice] 1#1: worker process 22 exited with code 0
2026/04/09 12:35:20 [notice] 1#1: worker process 23 exited with code 0
2026/04/09 12:35:20 [notice] 1#1: worker process 26 exited with code 0
2026/04/09 12:35:20 [notice] 1#1: worker process 28 exited with code 0
2026/04/09 12:35:20 [notice] 1#1: worker process 29 exited with code 0
2026/04/09 12:35:20 [notice] 1#1: worker process 31 exited with code 0
2026/04/09 12:35:20 [notice] 1#1: signal 29 (SIGIO) received
2026/04/09 12:35:20 [notice] 1#1: signal 17 (SIGCHLD) received from 28
2026/04/09 12:35:20 [notice] 1#1: signal 17 (SIGCHLD) received from 30
2026/04/09 12:35:20 [notice] 1#1: worker process 30 exited with code 0
2026/04/09 12:35:20 [notice] 1#1: exit
2026/04/09 12:35:36 [notice] 1#1: using the "epoll" event method
2026/04/09 12:35:36 [notice] 1#1: nginx/1.29.8
2026/04/09 12:35:36 [notice] 1#1: built by gcc 15.2.0 (Alpine 15.2.0) 
2026/04/09 12:35:36 [notice] 1#1: OS: Linux 6.6.87.2-microsoft-standard-WSL2
2026/04/09 12:35:36 [notice] 1#1: getrlimit(RLIMIT_NOFILE): 65536:1048576
2026/04/09 12:35:36 [notice] 1#1: start worker processes
2026/04/09 12:35:36 [notice] 1#1: start worker process 21
2026/04/09 12:35:36 [notice] 1#1: start worker process 22
2026/04/09 12:35:36 [notice] 1#1: start worker process 23
2026/04/09 12:35:36 [notice] 1#1: start worker process 24
2026/04/09 12:35:36 [notice] 1#1: start worker process 25
2026/04/09 12:35:36 [notice] 1#1: start worker process 26
2026/04/09 12:35:36 [notice] 1#1: start worker process 27
2026/04/09 12:35:36 [notice] 1#1: start worker process 28
2026/04/09 12:35:36 [notice] 1#1: start worker process 29
2026/04/09 12:35:36 [notice] 1#1: start worker process 30
2026/04/09 12:35:36 [notice] 1#1: start worker process 31
2026/04/09 12:35:36 [notice] 1#1: start worker process 32
2026/04/10 08:31:45 [notice] 1#1: signal 3 (SIGQUIT) received, shutting down
2026/04/10 08:31:45 [notice] 23#23: gracefully shutting down
2026/04/10 08:31:45 [notice] 22#22: gracefully shutting down
2026/04/10 08:31:45 [notice] 26#26: gracefully shutting down
2026/04/10 08:31:45 [notice] 25#25: gracefully shutting down
2026/04/10 08:31:45 [notice] 24#24: gracefully shutting down
2026/04/10 08:31:45 [notice] 21#21: gracefully shutting down
2026/04/10 08:31:45 [notice] 30#30: gracefully shutting down
2026/04/10 08:31:45 [notice] 27#27: gracefully shutting down
2026/04/10 08:31:45 [notice] 28#28: gracefully shutting down
2026/04/10 08:31:45 [notice] 31#31: gracefully shutting down
2026/04/10 08:31:45 [notice] 32#32: gracefully shutting down
2026/04/10 08:31:45 [notice] 29#29: gracefully shutting down
2026/04/10 08:31:45 [notice] 30#30: exiting
2026/04/10 08:31:45 [notice] 28#28: exiting
2026/04/10 08:31:45 [notice] 21#21: exiting
2026/04/10 08:31:45 [notice] 23#23: exiting
2026/04/10 08:31:45 [notice] 26#26: exiting
2026/04/10 08:31:45 [notice] 24#24: exiting
2026/04/10 08:31:45 [notice] 27#27: exiting
2026/04/10 08:31:45 [notice] 31#31: exiting
2026/04/10 08:31:45 [notice] 29#29: exiting
2026/04/10 08:31:45 [notice] 25#25: exiting
2026/04/10 08:31:45 [notice] 22#22: exiting
2026/04/10 08:31:45 [notice] 24#24: exit
2026/04/10 08:31:45 [notice] 23#23: exit
2026/04/10 08:31:45 [notice] 30#30: exit
2026/04/10 08:31:45 [notice] 28#28: exit
2026/04/10 08:31:45 [notice] 27#27: exit
2026/04/10 08:31:45 [notice] 25#25: exit
2026/04/10 08:31:45 [notice] 21#21: exit
2026/04/10 08:31:45 [notice] 32#32: exiting
2026/04/10 08:31:45 [notice] 26#26: exit
2026/04/10 08:31:45 [notice] 32#32: exit
2026/04/10 08:31:45 [notice] 29#29: exit
2026/04/10 08:31:45 [notice] 31#31: exit
2026/04/10 08:31:45 [notice] 22#22: exit
2026/04/10 08:31:45 [notice] 1#1: signal 17 (SIGCHLD) received from 22
2026/04/10 08:31:45 [notice] 1#1: worker process 22 exited with code 0
2026/04/10 08:31:45 [notice] 1#1: worker process 24 exited with code 0
2026/04/10 08:31:45 [notice] 1#1: signal 29 (SIGIO) received
2026/04/10 08:31:45 [notice] 1#1: signal 17 (SIGCHLD) received from 24
2026/04/10 08:31:45 [notice] 1#1: signal 17 (SIGCHLD) received from 26
2026/04/10 08:31:45 [notice] 1#1: worker process 25 exited with code 0
2026/04/10 08:31:45 [notice] 1#1: worker process 21 exited with code 0
2026/04/10 08:31:45 [notice] 1#1: worker process 23 exited with code 0
2026/04/10 08:31:45 [notice] 1#1: worker process 26 exited with code 0
2026/04/10 08:31:45 [notice] 1#1: worker process 27 exited with code 0
2026/04/10 08:31:45 [notice] 1#1: worker process 28 exited with code 0
2026/04/10 08:31:45 [notice] 1#1: worker process 29 exited with code 0
2026/04/10 08:31:45 [notice] 1#1: worker process 30 exited with code 0
2026/04/10 08:31:45 [notice] 1#1: worker process 32 exited with code 0
2026/04/10 08:31:45 [notice] 1#1: worker process 31 exited with code 0
2026/04/10 08:31:45 [notice] 1#1: exit
2026/05/04 14:27:01 [notice] 1#1: using the "epoll" event method
2026/05/04 14:27:01 [notice] 1#1: nginx/1.29.8
2026/05/04 14:27:01 [notice] 1#1: built by gcc 15.2.0 (Alpine 15.2.0) 
2026/05/04 14:27:01 [notice] 1#1: OS: Linux 6.6.87.2-microsoft-standard-WSL2
2026/05/04 14:27:01 [notice] 1#1: getrlimit(RLIMIT_NOFILE): 65536:1048576
2026/05/04 14:27:01 [notice] 1#1: start worker processes
2026/05/04 14:27:01 [notice] 1#1: start worker process 21
2026/05/04 14:27:01 [notice] 1#1: start worker process 22
2026/05/04 14:27:01 [notice] 1#1: start worker process 23
2026/05/04 14:27:01 [notice] 1#1: start worker process 24
2026/05/04 14:27:01 [notice] 1#1: start worker process 25
2026/05/04 14:27:01 [notice] 1#1: start worker process 26
2026/05/04 14:27:01 [notice] 1#1: start worker process 27
2026/05/04 14:27:01 [notice] 1#1: start worker process 28
2026/05/04 14:27:01 [notice] 1#1: start worker process 29
2026/05/04 14:27:01 [notice] 1#1: start worker process 30
2026/05/04 14:27:01 [notice] 1#1: start worker process 31
2026/05/04 14:27:01 [notice] 1#1: start worker process 32
2026/05/04 18:00:29 [notice] 1#1: signal 3 (SIGQUIT) received, shutting down
2026/05/04 18:00:29 [notice] 26#26: gracefully shutting down
2026/05/04 18:00:29 [notice] 24#24: gracefully shutting down
2026/05/04 18:00:29 [notice] 25#25: gracefully shutting down
2026/05/04 18:00:29 [notice] 21#21: gracefully shutting down
2026/05/04 18:00:29 [notice] 22#22: gracefully shutting down
2026/05/04 18:00:29 [notice] 23#23: gracefully shutting down
2026/05/04 18:00:29 [notice] 29#29: gracefully shutting down
2026/05/04 18:00:29 [notice] 27#27: gracefully shutting down
2026/05/04 18:00:29 [notice] 30#30: gracefully shutting down
2026/05/04 18:00:29 [notice] 28#28: gracefully shutting down
2026/05/04 18:00:29 [notice] 31#31: gracefully shutting down
2026/05/04 18:00:29 [notice] 22#22: exiting
2026/05/04 18:00:29 [notice] 29#29: exiting
2026/05/04 18:00:29 [notice] 21#21: exiting
2026/05/04 18:00:29 [notice] 24#24: exiting
2026/05/04 18:00:29 [notice] 28#28: exiting
2026/05/04 18:00:29 [notice] 27#27: exiting
2026/05/04 18:00:29 [notice] 25#25: exiting
2026/05/04 18:00:29 [notice] 30#30: exiting
2026/05/04 18:00:29 [notice] 26#26: exiting
2026/05/04 18:00:29 [notice] 32#32: gracefully shutting down
2026/05/04 18:00:29 [notice] 23#23: exiting
2026/05/04 18:00:29 [notice] 32#32: exiting
2026/05/04 18:00:29 [notice] 29#29: exit
2026/05/04 18:00:29 [notice] 22#22: exit
2026/05/04 18:00:29 [notice] 24#24: exit
2026/05/04 18:00:29 [notice] 28#28: exit
2026/05/04 18:00:29 [notice] 26#26: exit
2026/05/04 18:00:29 [notice] 32#32: exit
2026/05/04 18:00:29 [notice] 25#25: exit
2026/05/04 18:00:29 [notice] 21#21: exit
2026/05/04 18:00:29 [notice] 23#23: exit
2026/05/04 18:00:29 [notice] 30#30: exit
2026/05/04 18:00:29 [notice] 27#27: exit
2026/05/04 18:00:29 [notice] 31#31: exiting
2026/05/04 18:00:29 [notice] 31#31: exit
2026/05/04 18:00:29 [notice] 1#1: signal 17 (SIGCHLD) received from 27
2026/05/04 18:00:29 [notice] 1#1: worker process 22 exited with code 0
2026/05/04 18:00:29 [notice] 1#1: worker process 27 exited with code 0
2026/05/04 18:00:29 [notice] 1#1: worker process 30 exited with code 0
2026/05/04 18:00:29 [notice] 1#1: worker process 31 exited with code 0
2026/05/04 18:00:29 [notice] 1#1: signal 29 (SIGIO) received
2026/05/04 18:00:29 [notice] 1#1: signal 17 (SIGCHLD) received from 22
2026/05/04 18:00:29 [notice] 1#1: signal 17 (SIGCHLD) received from 32
2026/05/04 18:00:29 [notice] 1#1: worker process 32 exited with code 0
2026/05/04 18:00:29 [notice] 1#1: signal 29 (SIGIO) received
2026/05/04 18:00:29 [notice] 1#1: signal 17 (SIGCHLD) received from 26
2026/05/04 18:00:29 [notice] 1#1: worker process 26 exited with code 0
2026/05/04 18:00:29 [notice] 1#1: signal 29 (SIGIO) received
2026/05/04 18:00:29 [notice] 1#1: signal 17 (SIGCHLD) received from 21
2026/05/04 18:00:29 [notice] 1#1: worker process 21 exited with code 0
2026/05/04 18:00:29 [notice] 1#1: worker process 23 exited with code 0
2026/05/04 18:00:29 [notice] 1#1: worker process 24 exited with code 0
2026/05/04 18:00:29 [notice] 1#1: worker process 25 exited with code 0
2026/05/04 18:00:29 [notice] 1#1: worker process 28 exited with code 0
2026/05/04 18:00:29 [notice] 1#1: signal 29 (SIGIO) received
2026/05/04 18:00:29 [notice] 1#1: signal 17 (SIGCHLD) received from 23
2026/05/04 18:00:29 [notice] 1#1: signal 17 (SIGCHLD) received from 29
2026/05/04 18:00:29 [notice] 1#1: worker process 29 exited with code 0
2026/05/04 18:00:29 [notice] 1#1: exit
2026/05/05 08:21:24 [notice] 1#1: using the "epoll" event method
2026/05/05 08:21:24 [notice] 1#1: nginx/1.29.8
2026/05/05 08:21:24 [notice] 1#1: built by gcc 15.2.0 (Alpine 15.2.0) 
2026/05/05 08:21:24 [notice] 1#1: OS: Linux 6.6.87.2-microsoft-standard-WSL2
2026/05/05 08:21:24 [notice] 1#1: getrlimit(RLIMIT_NOFILE): 65536:1048576
2026/05/05 08:21:24 [notice] 1#1: start worker processes
2026/05/05 08:21:24 [notice] 1#1: start worker process 21
2026/05/05 08:21:24 [notice] 1#1: start worker process 22
2026/05/05 08:21:24 [notice] 1#1: start worker process 23
2026/05/05 08:21:24 [notice] 1#1: start worker process 24
2026/05/05 08:21:24 [notice] 1#1: start worker process 25
2026/05/05 08:21:24 [notice] 1#1: start worker process 26
2026/05/05 08:21:24 [notice] 1#1: start worker process 27
2026/05/05 08:21:24 [notice] 1#1: start worker process 28
2026/05/05 08:21:24 [notice] 1#1: start worker process 29
2026/05/05 08:21:24 [notice] 1#1: start worker process 30
2026/05/05 08:21:24 [notice] 1#1: start worker process 31
2026/05/05 08:21:24 [notice] 1#1: start worker process 32
2026/05/27 10:10:41 [notice] 1#1: using the "epoll" event method
2026/05/27 10:10:41 [notice] 1#1: nginx/1.31.1
2026/05/27 10:10:41 [notice] 1#1: built by gcc 15.2.0 (Alpine 15.2.0) 
2026/05/27 10:10:41 [notice] 1#1: OS: Linux 5.15.0-1081-oracle
2026/05/27 10:10:41 [notice] 1#1: getrlimit(RLIMIT_NOFILE): 65536:1048576
2026/05/27 10:10:41 [notice] 1#1: start worker processes
2026/05/27 10:10:41 [notice] 1#1: start worker process 20
2026/05/27 10:10:41 [notice] 1#1: start worker process 21
2026/05/27 10:10:41 [notice] 1#1: start worker process 22
2026/05/27 10:10:41 [notice] 1#1: start worker process 23
2026/05/27 11:01:53 [notice] 1#1: signal 3 (SIGQUIT) received, shutting down
2026/05/27 11:01:53 [notice] 20#20: gracefully shutting down
2026/05/27 11:01:53 [notice] 21#21: gracefully shutting down
2026/05/27 11:01:53 [notice] 20#20: exiting
2026/05/27 11:01:53 [notice] 21#21: exiting
2026/05/27 11:01:53 [notice] 20#20: exit
2026/05/27 11:01:53 [notice] 21#21: exit
2026/05/27 11:01:53 [notice] 23#23: gracefully shutting down
2026/05/27 11:01:53 [notice] 23#23: exiting
2026/05/27 11:01:53 [notice] 23#23: exit
2026/05/27 11:01:53 [notice] 22#22: gracefully shutting down
2026/05/27 11:01:53 [notice] 22#22: exiting
2026/05/27 11:01:53 [notice] 22#22: exit
2026/05/27 11:01:53 [notice] 1#1: signal 17 (SIGCHLD) received from 21
2026/05/27 11:01:53 [notice] 1#1: worker process 21 exited with code 0
2026/05/27 11:01:53 [notice] 1#1: signal 29 (SIGIO) received
2026/05/27 11:01:53 [notice] 1#1: signal 17 (SIGCHLD) received from 23
2026/05/27 11:01:53 [notice] 1#1: worker process 22 exited with code 0
2026/05/27 11:01:53 [notice] 1#1: worker process 23 exited with code 0
2026/05/27 11:01:53 [notice] 1#1: signal 29 (SIGIO) received
2026/05/27 11:01:53 [notice] 1#1: signal 17 (SIGCHLD) received from 20
2026/05/27 11:01:53 [notice] 1#1: worker process 20 exited with code 0
2026/05/27 11:01:53 [notice] 1#1: exit
2026/05/27 11:02:34 [notice] 1#1: using the "epoll" event method
2026/05/27 11:02:34 [notice] 1#1: nginx/1.31.1
2026/05/27 11:02:34 [notice] 1#1: built by gcc 15.2.0 (Alpine 15.2.0) 
2026/05/27 11:02:34 [notice] 1#1: OS: Linux 5.15.0-1081-oracle
2026/05/27 11:02:34 [notice] 1#1: getrlimit(RLIMIT_NOFILE): 65536:1048576
2026/05/27 11:02:34 [notice] 1#1: start worker processes
2026/05/27 11:02:34 [notice] 1#1: start worker process 20
2026/05/27 11:02:34 [notice] 1#1: start worker process 21
2026/05/27 11:02:34 [notice] 1#1: start worker process 22
2026/05/27 11:02:34 [notice] 1#1: start worker process 23
2026/05/27 11:21:16 [notice] 1#1: signal 3 (SIGQUIT) received, shutting down
2026/05/27 11:21:16 [notice] 20#20: gracefully shutting down
2026/05/27 11:21:16 [notice] 22#22: gracefully shutting down
2026/05/27 11:21:16 [notice] 21#21: gracefully shutting down
2026/05/27 11:21:16 [notice] 20#20: exiting
2026/05/27 11:21:16 [notice] 22#22: exiting
2026/05/27 11:21:16 [notice] 21#21: exiting
2026/05/27 11:21:16 [notice] 20#20: exit
2026/05/27 11:21:16 [notice] 22#22: exit
2026/05/27 11:21:16 [notice] 21#21: exit
2026/05/27 11:21:16 [notice] 23#23: gracefully shutting down
2026/05/27 11:21:16 [notice] 23#23: exiting
2026/05/27 11:21:16 [notice] 23#23: exit
2026/05/27 11:21:16 [notice] 1#1: signal 17 (SIGCHLD) received from 20
2026/05/27 11:21:16 [notice] 1#1: worker process 20 exited with code 0
2026/05/27 11:21:16 [notice] 1#1: worker process 21 exited with code 0
2026/05/27 11:21:16 [notice] 1#1: worker process 22 exited with code 0
2026/05/27 11:21:16 [notice] 1#1: worker process 23 exited with code 0
2026/05/27 11:21:16 [notice] 1#1: exit
2026/05/27 11:21:46 [notice] 1#1: using the "epoll" event method
2026/05/27 11:21:46 [notice] 1#1: nginx/1.31.1
2026/05/27 11:21:46 [notice] 1#1: built by gcc 15.2.0 (Alpine 15.2.0) 
2026/05/27 11:21:46 [notice] 1#1: OS: Linux 5.15.0-1081-oracle
2026/05/27 11:21:46 [notice] 1#1: getrlimit(RLIMIT_NOFILE): 65536:1048576
2026/05/27 11:21:46 [notice] 1#1: start worker processes
2026/05/27 11:21:46 [notice] 1#1: start worker process 20
2026/05/27 11:21:46 [notice] 1#1: start worker process 21
2026/05/27 11:21:46 [notice] 1#1: start worker process 22
2026/05/27 11:21:46 [notice] 1#1: start worker process 23
2026/05/27 11:40:25 [error] 20#20: *27 open() "/var/www/html/public404" failed (2: No such file or directory), client: 107.172.204.15, server: hml-task-manager-api.ae3tecnologia.com.br, request: "GET /vendor/phpunit/phpunit/src/Util/PHP/eval-stdin.php HTTP/1.1", host: "150.230.75.122:80"
2026/05/27 11:40:26 [error] 20#20: *27 open() "/var/www/html/public404" failed (2: No such file or directory), client: 107.172.204.15, server: hml-task-manager-api.ae3tecnologia.com.br, request: "GET /vendor/phpunit/phpunit/Util/PHP/eval-stdin.php HTTP/1.1", host: "150.230.75.122:80"
2026/05/27 11:40:26 [error] 20#20: *27 open() "/var/www/html/public404" failed (2: No such file or directory), client: 107.172.204.15, server: hml-task-manager-api.ae3tecnologia.com.br, request: "GET /vendor/phpunit/src/Util/PHP/eval-stdin.php HTTP/1.1", host: "150.230.75.122:80"
2026/05/27 11:40:26 [error] 20#20: *27 open() "/var/www/html/public404" failed (2: No such file or directory), client: 107.172.204.15, server: hml-task-manager-api.ae3tecnologia.com.br, request: "GET /vendor/phpunit/Util/PHP/eval-stdin.php HTTP/1.1", host: "150.230.75.122:80"
2026/05/27 11:40:27 [error] 20#20: *27 open() "/var/www/html/public404" failed (2: No such file or directory), client: 107.172.204.15, server: hml-task-manager-api.ae3tecnologia.com.br, request: "GET /vendor/phpunit/phpunit/LICENSE/eval-stdin.php HTTP/1.1", host: "150.230.75.122:80"
2026/05/27 11:40:27 [error] 20#20: *27 open() "/var/www/html/public404" failed (2: No such file or directory), client: 107.172.204.15, server: hml-task-manager-api.ae3tecnologia.com.br, request: "GET /vendor/vendor/phpunit/phpunit/src/Util/PHP/eval-stdin.php HTTP/1.1", host: "150.230.75.122:80"
2026/05/27 11:40:28 [error] 20#20: *27 open() "/var/www/html/public404" failed (2: No such file or directory), client: 107.172.204.15, server: hml-task-manager-api.ae3tecnologia.com.br, request: "GET /phpunit/phpunit/src/Util/PHP/eval-stdin.php HTTP/1.1", host: "150.230.75.122:80"
2026/05/27 11:40:28 [error] 20#20: *27 open() "/var/www/html/public404" failed (2: No such file or directory), client: 107.172.204.15, server: hml-task-manager-api.ae3tecnologia.com.br, request: "GET /phpunit/phpunit/Util/PHP/eval-stdin.php HTTP/1.1", host: "150.230.75.122:80"
2026/05/27 11:40:28 [error] 20#20: *27 open() "/var/www/html/public404" failed (2: No such file or directory), client: 107.172.204.15, server: hml-task-manager-api.ae3tecnologia.com.br, request: "GET /phpunit/src/Util/PHP/eval-stdin.php HTTP/1.1", host: "150.230.75.122:80"
2026/05/27 11:40:28 [error] 20#20: *27 open() "/var/www/html/public404" failed (2: No such file or directory), client: 107.172.204.15, server: hml-task-manager-api.ae3tecnologia.com.br, request: "GET /phpunit/Util/PHP/eval-stdin.php HTTP/1.1", host: "150.230.75.122:80"
2026/05/27 11:40:29 [error] 20#20: *27 open() "/var/www/html/public404" failed (2: No such file or directory), client: 107.172.204.15, server: hml-task-manager-api.ae3tecnologia.com.br, request: "GET /lib/phpunit/phpunit/src/Util/PHP/eval-stdin.php HTTP/1.1", host: "150.230.75.122:80"
2026/05/27 11:40:29 [error] 20#20: *27 open() "/var/www/html/public404" failed (2: No such file or directory), client: 107.172.204.15, server: hml-task-manager-api.ae3tecnologia.com.br, request: "GET /lib/phpunit/phpunit/Util/PHP/eval-stdin.php HTTP/1.1", host: "150.230.75.122:80"
2026/05/27 11:40:29 [error] 20#20: *27 open() "/var/www/html/public404" failed (2: No such file or directory), client: 107.172.204.15, server: hml-task-manager-api.ae3tecnologia.com.br, request: "GET /lib/phpunit/src/Util/PHP/eval-stdin.php HTTP/1.1", host: "150.230.75.122:80"
2026/05/27 11:40:29 [error] 20#20: *27 open() "/var/www/html/public404" failed (2: No such file or directory), client: 107.172.204.15, server: hml-task-manager-api.ae3tecnologia.com.br, request: "GET /lib/phpunit/Util/PHP/eval-stdin.php HTTP/1.1", host: "150.230.75.122:80"
2026/05/27 11:40:29 [error] 20#20: *27 open() "/var/www/html/public404" failed (2: No such file or directory), client: 107.172.204.15, server: hml-task-manager-api.ae3tecnologia.com.br, request: "GET /lib/vendor/phpunit/phpunit/src/Util/PHP/eval-stdin.php HTTP/1.1", host: "150.230.75.122:80"
2026/05/27 11:40:30 [error] 20#20: *27 open() "/var/www/html/public404" failed (2: No such file or directory), client: 107.172.204.15, server: hml-task-manager-api.ae3tecnologia.com.br, request: "GET /laravel/vendor/phpunit/phpunit/src/Util/PHP/eval-stdin.php HTTP/1.1", host: "150.230.75.122:80"
2026/05/27 11:40:30 [error] 20#20: *27 open() "/var/www/html/public404" failed (2: No such file or directory), client: 107.172.204.15, server: hml-task-manager-api.ae3tecnologia.com.br, request: "GET /www/vendor/phpunit/phpunit/src/Util/PHP/eval-stdin.php HTTP/1.1", host: "150.230.75.122:80"
2026/05/27 11:40:30 [error] 20#20: *27 open() "/var/www/html/public404" failed (2: No such file or directory), client: 107.172.204.15, server: hml-task-manager-api.ae3tecnologia.com.br, request: "GET /ws/vendor/phpunit/phpunit/src/Util/PHP/eval-stdin.php HTTP/1.1", host: "150.230.75.122:80"
2026/05/27 11:40:30 [error] 20#20: *27 open() "/var/www/html/public404" failed (2: No such file or directory), client: 107.172.204.15, server: hml-task-manager-api.ae3tecnologia.com.br, request: "GET /yii/vendor/phpunit/phpunit/src/Util/PHP/eval-stdin.php HTTP/1.1", host: "150.230.75.122:80"
2026/05/27 11:40:31 [error] 20#20: *27 open() "/var/www/html/public404" failed (2: No such file or directory), client: 107.172.204.15, server: hml-task-manager-api.ae3tecnologia.com.br, request: "GET /zend/vendor/phpunit/phpunit/src/Util/PHP/eval-stdin.php HTTP/1.1", host: "150.230.75.122:80"
2026/05/27 11:40:31 [error] 20#20: *27 open() "/var/www/html/public404" failed (2: No such file or directory), client: 107.172.204.15, server: hml-task-manager-api.ae3tecnologia.com.br, request: "GET /ws/ec/vendor/phpunit/phpunit/src/Util/PHP/eval-stdin.php HTTP/1.1", host: "150.230.75.122:80"
2026/05/27 11:40:32 [error] 20#20: *27 open() "/var/www/html/public404" failed (2: No such file or directory), client: 107.172.204.15, server: hml-task-manager-api.ae3tecnologia.com.br, request: "GET /V2/vendor/phpunit/phpunit/src/Util/PHP/eval-stdin.php HTTP/1.1", host: "150.230.75.122:80"
2026/05/27 11:40:32 [error] 20#20: *27 open() "/var/www/html/public404" failed (2: No such file or directory), client: 107.172.204.15, server: hml-task-manager-api.ae3tecnologia.com.br, request: "GET /tests/vendor/phpunit/phpunit/src/Util/PHP/eval-stdin.php HTTP/1.1", host: "150.230.75.122:80"
2026/05/27 11:40:33 [error] 20#20: *27 open() "/var/www/html/public404" failed (2: No such file or directory), client: 107.172.204.15, server: hml-task-manager-api.ae3tecnologia.com.br, request: "GET /test/vendor/phpunit/phpunit/src/Util/PHP/eval-stdin.php HTTP/1.1", host: "150.230.75.122:80"
2026/05/27 11:40:33 [error] 20#20: *27 open() "/var/www/html/public404" failed (2: No such file or directory), client: 107.172.204.15, server: hml-task-manager-api.ae3tecnologia.com.br, request: "GET /testing/vendor/phpunit/phpunit/src/Util/PHP/eval-stdin.php HTTP/1.1", host: "150.230.75.122:80"
2026/05/27 11:40:34 [error] 20#20: *27 open() "/var/www/html/public404" failed (2: No such file or directory), client: 107.172.204.15, server: hml-task-manager-api.ae3tecnologia.com.br, request: "GET /api/vendor/phpunit/phpunit/src/Util/PHP/eval-stdin.php HTTP/1.1", host: "150.230.75.122:80"
2026/05/27 11:40:34 [error] 20#20: *27 open() "/var/www/html/public404" failed (2: No such file or directory), client: 107.172.204.15, server: hml-task-manager-api.ae3tecnologia.com.br, request: "GET /demo/vendor/phpunit/phpunit/src/Util/PHP/eval-stdin.php HTTP/1.1", host: "150.230.75.122:80"
2026/05/27 11:40:35 [error] 20#20: *27 open() "/var/www/html/public404" failed (2: No such file or directory), client: 107.172.204.15, server: hml-task-manager-api.ae3tecnologia.com.br, request: "GET /cms/vendor/phpunit/phpunit/src/Util/PHP/eval-stdin.php HTTP/1.1", host: "150.230.75.122:80"
2026/05/27 11:40:35 [error] 20#20: *27 open() "/var/www/html/public404" failed (2: No such file or directory), client: 107.172.204.15, server: hml-task-manager-api.ae3tecnologia.com.br, request: "GET /crm/vendor/phpunit/phpunit/src/Util/PHP/eval-stdin.php HTTP/1.1", host: "150.230.75.122:80"
2026/05/27 11:40:36 [error] 20#20: *27 open() "/var/www/html/public404" failed (2: No such file or directory), client: 107.172.204.15, server: hml-task-manager-api.ae3tecnologia.com.br, request: "GET /admin/vendor/phpunit/phpunit/src/Util/PHP/eval-stdin.php HTTP/1.1", host: "150.230.75.122:80"
2026/05/27 11:40:37 [error] 20#20: *27 open() "/var/www/html/public404" failed (2: No such file or directory), client: 107.172.204.15, server: hml-task-manager-api.ae3tecnologia.com.br, request: "GET /backup/vendor/phpunit/phpunit/src/Util/PHP/eval-stdin.php HTTP/1.1", host: "150.230.75.122:80"
2026/05/27 11:40:37 [error] 20#20: *27 open() "/var/www/html/public404" failed (2: No such file or directory), client: 107.172.204.15, server: hml-task-manager-api.ae3tecnologia.com.br, request: "GET /blog/vendor/phpunit/phpunit/src/Util/PHP/eval-stdin.php HTTP/1.1", host: "150.230.75.122:80"
2026/05/27 11:40:37 [error] 20#20: *27 open() "/var/www/html/public404" failed (2: No such file or directory), client: 107.172.204.15, server: hml-task-manager-api.ae3tecnologia.com.br, request: "GET /workspace/drupal/vendor/phpunit/phpunit/src/Util/PHP/eval-stdin.php HTTP/1.1", host: "150.230.75.122:80"
2026/05/27 11:40:38 [error] 20#20: *27 open() "/var/www/html/public404" failed (2: No such file or directory), client: 107.172.204.15, server: hml-task-manager-api.ae3tecnologia.com.br, request: "GET /panel/vendor/phpunit/phpunit/src/Util/PHP/eval-stdin.php HTTP/1.1", host: "150.230.75.122:80"
2026/05/27 11:40:39 [error] 20#20: *27 open() "/var/www/html/public404" failed (2: No such file or directory), client: 107.172.204.15, server: hml-task-manager-api.ae3tecnologia.com.br, request: "GET /public/vendor/phpunit/phpunit/src/Util/PHP/eval-stdin.php HTTP/1.1", host: "150.230.75.122:80"
2026/05/27 11:40:39 [error] 20#20: *27 open() "/var/www/html/public404" failed (2: No such file or directory), client: 107.172.204.15, server: hml-task-manager-api.ae3tecnologia.com.br, request: "GET /apps/vendor/phpunit/phpunit/src/Util/PHP/eval-stdin.php HTTP/1.1", host: "150.230.75.122:80"
2026/05/27 11:40:40 [error] 20#20: *27 open() "/var/www/html/public404" failed (2: No such file or directory), client: 107.172.204.15, server: hml-task-manager-api.ae3tecnologia.com.br, request: "GET /app/vendor/phpunit/phpunit/src/Util/PHP/eval-stdin.php HTTP/1.1", host: "150.230.75.122:80"
2026/05/27 11:40:41 [error] 20#20: *27 open() "/var/www/html/public404" failed (2: No such file or directory), client: 107.172.204.15, server: hml-task-manager-api.ae3tecnologia.com.br, request: "GET /public/index.php?s=/index/\think\app/invokefunction&function=call_user_func_array&vars[0]=md5&vars[1][]=Hello HTTP/1.1", host: "150.230.75.122:80"
